Component: Arm Compiler for Embedded 6.19 Tool: armlink [5e73cb00]

==============================================================================

Section Cross References

    main.o(.text) refers (Special) to moteurs.o(.text) for MOTEUR_DROIT_INVERSE
    main.o(.text) refers to led.o(.text) for LED_INIT
    main.o(.text) refers to switch.o(.text) for SWITCH_INIT
    main.o(.text) refers to bumper.o(.text) for BUMPERS_INIT
    startup_armcm3.o(RESET) refers to startup_armcm3.o(STACK) for __initial_sp
    startup_armcm3.o(RESET) refers to startup_armcm3.o(.text) for Reset_Handler
    startup_armcm3.o(.text) refers to system_armcm3.o(.text.SystemInit) for SystemInit
    startup_armcm3.o(.text) refers to main.o(.text) for __main
    system_armcm3.o(.text.SystemCoreClockUpdate) refers to system_armcm3.o(.data.SystemCoreClock) for SystemCoreClock
    system_armcm3.o(.ARM.exidx.text.SystemCoreClockUpdate) refers to system_armcm3.o(.text.SystemCoreClockUpdate) for [Anonymous Symbol]
    system_armcm3.o(.text.SystemInit) refers to startup_armcm3.o(RESET) for __Vectors
    system_armcm3.o(.text.SystemInit) refers to system_armcm3.o(.data.SystemCoreClock) for SystemCoreClock
    system_armcm3.o(.ARM.exidx.text.SystemInit) refers to system_armcm3.o(.text.SystemInit) for [Anonymous Symbol]


==============================================================================

Removing Unused input sections from the image.

    Removing startup_armcm3.o(HEAP), (3072 bytes).
    Removing system_armcm3.o(.text), (0 bytes).
    Removing system_armcm3.o(.text.SystemCoreClockUpdate), (20 bytes).
    Removing system_armcm3.o(.ARM.exidx.text.SystemCoreClockUpdate), (8 bytes).
    Removing system_armcm3.o(.ARM.exidx.text.SystemInit), (8 bytes).

5 unused section(s) (total 3108 bytes) removed from the image.

==============================================================================

Image Symbol Table

    Local Symbols

    Symbol Name                              Value     Ov Type        Size  Object(Section)

    Bumper.s                                 0x00000000   Number         0  bumper.o ABSOLUTE
    Led.s                                    0x00000000   Number         0  led.o ABSOLUTE
    Moteurs.s                                0x00000000   Number         0  moteurs.o ABSOLUTE
    RTE/Device/ARMCM3/startup_ARMCM3.s       0x00000000   Number         0  startup_armcm3.o ABSOLUTE
    Switch.s                                 0x00000000   Number         0  switch.o ABSOLUTE
    main.s                                   0x00000000   Number         0  main.o ABSOLUTE
    system_ARMCM3.c                          0x00000000   Number         0  system_armcm3.o ABSOLUTE
    RESET                                    0x00000000   Section      960  startup_armcm3.o(RESET)
    .text                                    0x000003c0   Section      284  main.o(.text)
    .text                                    0x000004dc   Section      140  led.o(.text)
    .text                                    0x00000568   Section       48  switch.o(.text)
    .text                                    0x00000598   Section       48  bumper.o(.text)
    .text                                    0x000005c8   Section      484  moteurs.o(.text)
    .text                                    0x000007ac   Section       56  startup_armcm3.o(.text)
    [Anonymous Symbol]                       0x000007e4   Section        0  system_armcm3.o(.text.SystemInit)
    STACK                                    0x20000008   Section     1024  startup_armcm3.o(STACK)

    Global Symbols

    Symbol Name                              Value     Ov Type        Size  Object(Section)

    BuildAttributes$$THM_ISAv4$P$D$K$B$S$PE$A:L22UL41UL21$X:L11$S22US41US21$IEEE1$IW$~IW$USESV6$~STKCKD$USESV7$~SHL$OSPACE$EBA8$MICROLIB$REQ8$EABIv2 0x00000000   Number         0  anon$$obj.o ABSOLUTE
    __Vectors                                0x00000000   Data           4  startup_armcm3.o(RESET)
    __Vectors_End                            0x000003c0   Data           0  startup_armcm3.o(RESET)
    __Vectors_Size                           0x000003c0   Number         0  startup_armcm3.o ABSOLUTE
    __main                                   0x000003c1   Thumb Code     0  main.o(.text)
    LED1_ON                                  0x000004dd   Thumb Code     0  led.o(.text)
    LED2_ON                                  0x000004f1   Thumb Code     0  led.o(.text)
    LED_INIT                                 0x00000505   Thumb Code     0  led.o(.text)
    LED1_OFF                                 0x00000535   Thumb Code     0  led.o(.text)
    LED2_OFF                                 0x00000543   Thumb Code     0  led.o(.text)
    SWITCH_INIT                              0x00000569   Thumb Code     0  switch.o(.text)
    BUMPERS_INIT                             0x00000599   Thumb Code     0  bumper.o(.text)
    MOTEUR_INIT                              0x000005c9   Thumb Code     0  moteurs.o(.text)
    MOTEUR_DROIT_ON                          0x000006cd   Thumb Code     0  moteurs.o(.text)
    MOTEUR_DROIT_OFF                         0x000006d9   Thumb Code     0  moteurs.o(.text)
    MOTEUR_GAUCHE_ON                         0x000006e5   Thumb Code     0  moteurs.o(.text)
    MOTEUR_GAUCHE_OFF                        0x000006f1   Thumb Code     0  moteurs.o(.text)
    MOTEUR_DROIT_ARRIERE                     0x000006fd   Thumb Code     0  moteurs.o(.text)
    MOTEUR_DROIT_AVANT                       0x00000707   Thumb Code     0  moteurs.o(.text)
    MOTEUR_GAUCHE_ARRIERE                    0x00000711   Thumb Code     0  moteurs.o(.text)
    MOTEUR_GAUCHE_AVANT                      0x0000071b   Thumb Code     0  moteurs.o(.text)
    MOTEUR_DROIT_INVERSE                     0x00000725   Thumb Code     0  moteurs.o(.text)
    MOTEUR_GAUCHE_INVERSE                    0x00000731   Thumb Code     0  moteurs.o(.text)
    Reset_Handler                            0x000007ad   Thumb Code     8  startup_armcm3.o(.text)
    HardFault_Handler                        0x000007b5   Thumb Code     2  startup_armcm3.o(.text)
    NMI_Handler                              0x000007b7   Thumb Code     2  startup_armcm3.o(.text)
    MemManage_Handler                        0x000007b9   Thumb Code     2  startup_armcm3.o(.text)
    BusFault_Handler                         0x000007bb   Thumb Code     2  startup_armcm3.o(.text)
    UsageFault_Handler                       0x000007bd   Thumb Code     2  startup_armcm3.o(.text)
    SVC_Handler                              0x000007bf   Thumb Code     2  startup_armcm3.o(.text)
    DebugMon_Handler                         0x000007c1   Thumb Code     2  startup_armcm3.o(.text)
    PendSV_Handler                           0x000007c3   Thumb Code     2  startup_armcm3.o(.text)
    SysTick_Handler                          0x000007c5   Thumb Code     2  startup_armcm3.o(.text)
    Interrupt0_Handler                       0x000007c7   Thumb Code     2  startup_armcm3.o(.text)
    Interrupt1_Handler                       0x000007c9   Thumb Code     2  startup_armcm3.o(.text)
    Interrupt2_Handler                       0x000007cb   Thumb Code     2  startup_armcm3.o(.text)
    Interrupt3_Handler                       0x000007cd   Thumb Code     2  startup_armcm3.o(.text)
    Interrupt4_Handler                       0x000007cf   Thumb Code     2  startup_armcm3.o(.text)
    Interrupt5_Handler                       0x000007d1   Thumb Code     2  startup_armcm3.o(.text)
    Interrupt6_Handler                       0x000007d3   Thumb Code     2  startup_armcm3.o(.text)
    Interrupt7_Handler                       0x000007d5   Thumb Code     2  startup_armcm3.o(.text)
    Interrupt8_Handler                       0x000007d7   Thumb Code     2  startup_armcm3.o(.text)
    Interrupt9_Handler                       0x000007d9   Thumb Code     2  startup_armcm3.o(.text)
    SystemInit                               0x000007e5   Thumb Code    38  system_armcm3.o(.text.SystemInit)
    SystemCoreClock                          0x20000000   Data           4  system_armcm3.o(.data.SystemCoreClock)
    __stack_limit                            0x20000008   Data           0  startup_armcm3.o(STACK)
    __initial_sp                             0x20000408   Data           0  startup_armcm3.o(STACK)



==============================================================================

Memory Map of the image

  Image Entry point : 0x000007ad

  Load Region LR_1 (Base: 0x00000000, Size: 0x00000810, Max: 0xffffffff, ABSOLUTE)

    Execution Region ER_RO (Exec base: 0x00000000, Load base: 0x00000000, Size: 0x0000080c, Max: 0xffffffff, ABSOLUTE)

    Exec Addr    Load Addr    Size         Type   Attr      Idx    E Section Name        Object

    0x00000000   0x00000000   0x000003c0   Data   RO           20    RESET               startup_armcm3.o
    0x000003c0   0x000003c0   0x0000011c   Code   RO            1  * .text               main.o
    0x000004dc   0x000004dc   0x0000008c   Code   RO            6  * .text               led.o
    0x00000568   0x00000568   0x00000030   Code   RO            9  * .text               switch.o
    0x00000598   0x00000598   0x00000030   Code   RO           12  * .text               bumper.o
    0x000005c8   0x000005c8   0x000001e4   Code   RO           15  * .text               moteurs.o
    0x000007ac   0x000007ac   0x00000038   Code   RO           21  * .text               startup_armcm3.o
    0x000007e4   0x000007e4   0x00000026   Code   RO           28    .text.SystemInit    system_armcm3.o


    Execution Region ER_RW (Exec base: 0x20000000, Load base: 0x0000080c, Size: 0x00000004, Max: 0xffffffff, ABSOLUTE)

    Exec Addr    Load Addr    Size         Type   Attr      Idx    E Section Name        Object

    0x20000000   0x0000080c   0x00000004   Data   RW           30    .data.SystemCoreClock  system_armcm3.o


    Execution Region ER_ZI (Exec base: 0x20000008, Load base: 0x00000810, Size: 0x00000400, Max: 0xffffffff, ABSOLUTE)

    Exec Addr    Load Addr    Size         Type   Attr      Idx    E Section Name        Object

    0x20000008        -       0x00000400   Zero   RW           18    STACK               startup_armcm3.o


==============================================================================

Image component sizes


      Code (inc. data)   RO Data    RW Data    ZI Data      Debug   Object Name

        48         12          0          0          0        200   bumper.o
       140         24          0          0          0        216   led.o
       284         14          0          0          0        296   main.o
       484        112          0          0          0        344   moteurs.o
        56         10        960          0       1024       1148   startup_armcm3.o
        48         12          0          0          0        200   switch.o
        38          0          0          4          0       1341   system_armcm3.o

    ----------------------------------------------------------------------
      1100        184        960          4       1024       3745   Object Totals
         0          0          0          0          0          0   (incl. Generated)
         2          0          0          0          0          0   (incl. Padding)

    ----------------------------------------------------------------------
         0          0          0          0          0          0   Library Totals
         0          0          0          0          0          0   (incl. Padding)

    ----------------------------------------------------------------------

==============================================================================


      Code (inc. data)   RO Data    RW Data    ZI Data      Debug   

      1100        184        960          4       1024       3745   Grand Totals
      1100        184        960          4       1024       3745   ELF Image Totals
      1100        184        960          4          0          0   ROM Totals

==============================================================================

    Total RO  Size (Code + RO Data)                 2060 (   2.01kB)
    Total RW  Size (RW Data + ZI Data)              1028 (   1.00kB)
    Total ROM Size (Code + RO Data + RW Data)       2064 (   2.02kB)

==============================================================================

